index -1 is out of bounds for axis 0 with size 0
index -1 is out of bounds for axis 0 with size 0
index -1 is out of bounds for axis 0 with size 0
index -1 is out of bounds for axis 0 with size 0
